// Jest Snapshot v1, https://goo.gl/fbAQLP

exports[`App #render should render the extension field view 1`] = `
<div>
  <div>
    <div
      class="TextInput__TextInput___36-K- TextInput__TextInput--large___KwY4O TextInput__TextInput--disabled___2t7VS"
    >
      <input
        class="TextInput__TextInput__input___27vDB a11y__focus-border--default___60AXp"
        data-test-id="image-tag"
        disabled=""
        placeholder="Type a tag and press enter"
        value=""
      />
    </div>
    <div
      class="css-m9mlq4"
    />
    <button
      class="Button__Button___1ZfFj a11y__focus-border--default___60AXp css-1kr4fmq Button__Button--primary___JImeO Button__Button--disabled___1E20M"
      data-test-id="cf-ui-button"
      disabled=""
      id="fetch-tag-btn"
      type="button"
    >
      <span
        class="TabFocusTrap__TabFocusTrap___39Vty Button__Button__inner-wrapper___3qrNC"
        tabindex="-1"
      >
        <span
          class="Button__Button__label___3tcOj"
        >
          Auto-tag from AI
        </span>
      </span>
    </button>
    <div
      class="ControlledInputField__ControlledInputField___2uIG9 ControlledInputField__ControlledInputField--disabled___HDWt6"
      data-test-id="cf-ui-checkbox-field"
    >
      <input
        aria-label="Overwrite existing tags"
        checked=""
        class="ControlledInput__ControlledInput___2XK3j ControlledInputField__ControlledInputField__input___3OMYB ControlledInput__ControlledInput--disabled___3prPF"
        data-test-id="cf-ui-controlled-input"
        disabled=""
        id="overwrite-tags"
        type="checkbox"
        value=""
      />
      <div>
        <label
          class="FormLabel__FormLabel___3d6zQ ControlledInputField__ControlledInputField__label___a9J52"
          data-test-id="cf-ui-form-label"
          for="overwrite-tags"
        >
          Overwrite existing tags
        </label>
      </div>
    </div>
  </div>
</div>
`;
