// Jest Snapshot v1, https://goo.gl/fbAQLP

exports[`TypeFormField should render successfully when the user is signed in 1`] = `
<div>
  <div
    class="css-1cimf61"
  >
    <img
      alt="TypeForm Logo"
      class="css-1ngw63v"
      src="typeform-icon.svg"
    />
    <div
      class="Select__Select__wrapper___2mbYV Select__Select--full___AENS4"
    >
      <select
        class="Select__Select___2Gi9N a11y__focus-border--default___60AXp"
        data-test-id="typeform-select"
      >
        <option
          data-test-id="cf-ui-select-option"
          value=""
        >
          Choose a typeform
        </option>
        <option
          data-test-id="cf-ui-select-option"
          value="https://user.typeform.com/to/dsako"
        >
          Customer Feedback Survey (copy)
        </option>
        <option
          data-test-id="cf-ui-select-option"
          value="https://user.typeform.com/to/sjao"
        >
          Personality Quiz - Quick Start - FINAL (copy)
        </option>
      </select>
      <svg
        class="Icon__Icon___38Epv Icon__Icon--small___1yGZK Icon__Icon--muted___3egnD Select__Select__icon___OBmvS"
        data-test-id="cf-ui-icon"
        height="1em"
        viewBox="0 0 24 24"
        width="1em"
      >
        <path
          d="M5.29289 8.29289C5.68342 7.90237 6.31658 7.90237 6.70711 8.29289L12 13.5858L17.2929 8.29289C17.6834 7.90237 18.3166 7.90237 18.7071 8.29289C19.0976 8.68342 19.0976 9.31658 18.7071 9.70711L12.7071 15.7071C12.3166 16.0976 11.6834 16.0976 11.2929 15.7071L5.29289 9.70711C4.90237 9.31658 4.90237 8.68342 5.29289 8.29289Z"
        />
      </svg>
    </div>
  </div>
</div>
`;

exports[`TypeFormField should render the auth button when the user is not authenticated 1`] = `
<div>
  <button
    class="Button__Button___1ZfFj Button__Button--primary___JImeO"
    data-test-id="typeform-auth"
    type="button"
  >
    <span
      class="TabFocusTrap__TabFocusTrap___39Vty Button__Button__inner-wrapper___3qrNC"
      tabindex="-1"
    >
      <span
        class="Button__Button__label___3tcOj"
      >
        Sign in to Typeform
      </span>
    </span>
  </button>
</div>
`;

exports[`TypeFormField should render the error screen if something goes wrong 1`] = `
<div>
  <div
    class="Note__Note___2eSKN Note__Note--negative___3fkwL"
    data-test-id="cf-ui-note"
  >
    <div
      class="Note__Note__icon___20RqC"
    >
      <svg
        class="Icon__Icon___38Epv Icon__Icon--small___1yGZK Icon__Icon--negative___1dled"
        data-test-id="cf-ui-icon"
        height="1em"
        viewBox="0 0 24 24"
        width="1em"
      >
        <path
          d="M0 0h24v24H0z"
          fill="none"
        />
        <path
          d="M12 2C6.48 2 2 6.48 2 12s4.48 10 10 10 10-4.48 10-10S17.52 2 12 2zm1 15h-2v-2h2v2zm0-4h-2V7h2v6z"
        />
      </svg>
    </div>
    <div
      class="Note__Note__info___2m_-K"
    >
      <div
        class="Note__Note__content___H1pf-"
      >
        We could not fetch your typeforms. Please make sure you have selected a valid Typeform workspace and are logged in.
      </div>
    </div>
  </div>
</div>
`;
