// Vitest Snapshot v1, https://vitest.dev/guide/snapshot.html

exports[`ProductList > renders 1`] = `<div />`;
