// Jest Snapshot v1, https://goo.gl/fbAQLP

exports[`SortableListItem should render successfully 1`] = `
<div>
  <div
    class="Card__Card___1_26G css-pivbrd Card__Card--padding-default___xgDF9"
    data-test-id="cf-ui-card"
  >
    <div
      class="css-14jukvq"
    >
      <img
        alt="Mock Category"
        data-test-id="image"
        src=""
        style="display: block;"
      />
    </div>
    <section
      class="css-1phcpb1"
    >
      <div
        class="Typography__Typography___1ZUfE"
        data-test-id="cf-ui-text-container"
      >
        <h1
          class="Heading__Heading___83D3K css-1xd3m0r f36-margin-bottom--m"
          data-test-id="cf-ui-heading"
        >
          Mock Category
        </h1>
        <h2
          class="Subheading__Subheading___2mA9j css-ksy8vh f36-margin-bottom--m"
          data-test-id="cf-ui-subheading"
        >
          abc1234
        </h2>
      </div>
    </section>
    <div
      class="css-mfolfb"
    >
      <button
        class="IconButton__IconButton___1_XeU a11y__focus-outline--default___2hwb1 IconButton__IconButton--muted___22_IZ"
        data-test-id="cf-ui-icon-button"
        type="button"
      >
        <span
          class="TabFocusTrap__TabFocusTrap___39Vty IconButton__IconButton__inner___3fnmT"
          tabindex="-1"
        >
          <svg
            class="Icon__Icon___38Epv Icon__Icon--small___1yGZK Icon__Icon--primary___3M4Il IconButton__IconButton__icon___3yZQN"
            data-test-id="cf-ui-icon"
            height="1em"
            viewBox="0 0 24 24"
            width="1em"
          >
            <path
              d="M18.7071 6.70711C19.0976 6.31658 19.0976 5.68342 18.7071 5.29289C18.3166 4.90237 17.6834 4.90237 17.2929 5.29289L12 10.5858L6.70711 5.29289C6.31658 4.90237 5.68342 4.90237 5.29289 5.29289C4.90237 5.68342 4.90237 6.31658 5.29289 6.70711L10.5858 12L5.29289 17.2929C4.90237 17.6834 4.90237 18.3166 5.29289 18.7071C5.68342 19.0976 6.31658 19.0976 6.70711 18.7071L12 13.4142L17.2929 18.7071C17.6834 19.0976 18.3166 19.0976 18.7071 18.7071C19.0976 18.3166 19.0976 17.6834 18.7071 17.2929L13.4142 12L18.7071 6.70711Z"
            />
          </svg>
          <span
            class="IconButton__IconButton__label___1kp5y helpers__sr-only___3Kv3z"
          >
            Delete
          </span>
        </span>
      </button>
    </div>
  </div>
</div>
`;

exports[`SortableListItem should render successfully the error variation for missing image 1`] = `
<div>
  <div
    class="Card__Card___1_26G css-pivbrd Card__Card--padding-default___xgDF9"
    data-test-id="cf-ui-card"
  >
    <div
      class="CardDragHandle__CardDragHandle___2rqnO css-x97jm9"
      data-test-id="cf-ui-card-drag-handle"
    >
      <svg
        class="Icon__Icon___38Epv Icon__Icon--small___1yGZK Icon__Icon--muted___3egnD"
        data-test-id="cf-ui-icon"
        height="1em"
        viewBox="0 0 24 24"
        width="1em"
      >
        <path
          d="M0 0h24v24H0V0z"
          fill="none"
        />
        <path
          d="M11 18c0 1.1-.9 2-2 2s-2-.9-2-2 .9-2 2-2 2 .9 2 2zm-2-8c-1.1 0-2 .9-2 2s.9 2 2 2 2-.9 2-2-.9-2-2-2zm0-6c-1.1 0-2 .9-2 2s.9 2 2 2 2-.9 2-2-.9-2-2-2zm6 4c1.1 0 2-.9 2-2s-.9-2-2-2-2 .9-2 2 .9 2 2 2zm0 2c-1.1 0-2 .9-2 2s.9 2 2 2 2-.9 2-2-.9-2-2-2zm0 6c-1.1 0-2 .9-2 2s.9 2 2 2 2-.9 2-2-.9-2-2-2z"
        />
      </svg>
      <span
        class="CardDragHandle__CardDragHandle__sr-label___3CueY helpers__sr-only___3Kv3z"
      >
        Reorder product
      </span>
    </div>
    <div
      class="css-6t06np"
    >
      <svg
        class="Icon__Icon___38Epv Icon__Icon--small___1yGZK Icon__Icon--primary___3M4Il"
        data-test-id="cf-ui-icon"
        height="1em"
        viewBox="0 0 24 24"
        width="1em"
      >
        <path
          d="M0 0h24v24H0V0z"
          fill="none"
        />
        <g>
          <path
            d="M19 5v14H5V5h14m0-2H5c-1.1 0-2 .9-2 2v14c0 1.1.9 2 2 2h14c1.1 0 2-.9 2-2V5c0-1.1-.9-2-2-2z"
          />
          <path
            d="M14.14 11.86l-3 3.87L9 13.14 6 17h12l-3.86-5.14z"
          />
        </g>
      </svg>
    </div>
    <section
      class="css-1phcpb1"
    >
      <div
        class="Typography__Typography___1ZUfE"
        data-test-id="cf-ui-text-container"
      >
        <h1
          class="Heading__Heading___83D3K css-1xd3m0r f36-margin-bottom--m"
          data-test-id="cf-ui-heading"
        >
          Mock Category
        </h1>
        <h2
          class="Subheading__Subheading___2mA9j css-ksy8vh f36-margin-bottom--m"
          data-test-id="cf-ui-subheading"
        >
          abc1234
        </h2>
      </div>
    </section>
    <div
      class="css-mfolfb"
    >
      <button
        class="IconButton__IconButton___1_XeU a11y__focus-outline--default___2hwb1 IconButton__IconButton--muted___22_IZ"
        data-test-id="cf-ui-icon-button"
        type="button"
      >
        <span
          class="TabFocusTrap__TabFocusTrap___39Vty IconButton__IconButton__inner___3fnmT"
          tabindex="-1"
        >
          <svg
            class="Icon__Icon___38Epv Icon__Icon--small___1yGZK Icon__Icon--primary___3M4Il IconButton__IconButton__icon___3yZQN"
            data-test-id="cf-ui-icon"
            height="1em"
            viewBox="0 0 24 24"
            width="1em"
          >
            <path
              d="M18.7071 6.70711C19.0976 6.31658 19.0976 5.68342 18.7071 5.29289C18.3166 4.90237 17.6834 4.90237 17.2929 5.29289L12 10.5858L6.70711 5.29289C6.31658 4.90237 5.68342 4.90237 5.29289 5.29289C4.90237 5.68342 4.90237 6.31658 5.29289 6.70711L10.5858 12L5.29289 17.2929C4.90237 17.6834 4.90237 18.3166 5.29289 18.7071C5.68342 19.0976 6.31658 19.0976 6.70711 18.7071L12 13.4142L17.2929 18.7071C17.6834 19.0976 18.3166 19.0976 18.7071 18.7071C19.0976 18.3166 19.0976 17.6834 18.7071 17.2929L13.4142 12L18.7071 6.70711Z"
            />
          </svg>
          <span
            class="IconButton__IconButton__label___1kp5y helpers__sr-only___3Kv3z"
          >
            Delete
          </span>
        </span>
      </button>
    </div>
  </div>
</div>
`;

exports[`SortableListItem should render successfully the error variation for missing product 1`] = `
<div>
  <div
    class="Card__Card___1_26G css-pivbrd Card__Card--padding-default___xgDF9"
    data-test-id="cf-ui-card"
  >
    <div
      class="css-6t06np"
    >
      <svg
        class="Icon__Icon___38Epv Icon__Icon--small___1yGZK Icon__Icon--primary___3M4Il"
        data-test-id="cf-ui-icon"
        height="1em"
        viewBox="0 0 24 24"
        width="1em"
      >
        <path
          d="M0 0h24v24H0V0z"
          fill="none"
        />
        <g>
          <path
            d="M19 5v14H5V5h14m0-2H5c-1.1 0-2 .9-2 2v14c0 1.1.9 2 2 2h14c1.1 0 2-.9 2-2V5c0-1.1-.9-2-2-2z"
          />
          <path
            d="M14.14 11.86l-3 3.87L9 13.14 6 17h12l-3.86-5.14z"
          />
        </g>
      </svg>
    </div>
    <section
      class="css-1phcpb1"
    >
      <div
        class="Typography__Typography___1ZUfE"
        data-test-id="cf-ui-text-container"
      >
        <h1
          class="Heading__Heading___83D3K css-k5fxdf f36-margin-bottom--m"
          data-test-id="cf-ui-heading"
        >
          abc1234
        </h1>
        
      </div>
    </section>
    <div
      class="css-mfolfb"
    >
      <button
        class="IconButton__IconButton___1_XeU a11y__focus-outline--default___2hwb1 IconButton__IconButton--muted___22_IZ"
        data-test-id="cf-ui-icon-button"
        type="button"
      >
        <span
          class="TabFocusTrap__TabFocusTrap___39Vty IconButton__IconButton__inner___3fnmT"
          tabindex="-1"
        >
          <svg
            class="Icon__Icon___38Epv Icon__Icon--small___1yGZK Icon__Icon--primary___3M4Il IconButton__IconButton__icon___3yZQN"
            data-test-id="cf-ui-icon"
            height="1em"
            viewBox="0 0 24 24"
            width="1em"
          >
            <path
              d="M18.7071 6.70711C19.0976 6.31658 19.0976 5.68342 18.7071 5.29289C18.3166 4.90237 17.6834 4.90237 17.2929 5.29289L12 10.5858L6.70711 5.29289C6.31658 4.90237 5.68342 4.90237 5.29289 5.29289C4.90237 5.68342 4.90237 6.31658 5.29289 6.70711L10.5858 12L5.29289 17.2929C4.90237 17.6834 4.90237 18.3166 5.29289 18.7071C5.68342 19.0976 6.31658 19.0976 6.70711 18.7071L12 13.4142L17.2929 18.7071C17.6834 19.0976 18.3166 19.0976 18.7071 18.7071C19.0976 18.3166 19.0976 17.6834 18.7071 17.2929L13.4142 12L18.7071 6.70711Z"
            />
          </svg>
          <span
            class="IconButton__IconButton__label___1kp5y helpers__sr-only___3Kv3z"
          >
            Delete
          </span>
        </span>
      </button>
    </div>
  </div>
</div>
`;

exports[`SortableListItem should render successfully the loading variation 1`] = `
<div>
  <div
    class="Card__Card___1_26G css-pivbrd Card__Card--padding-default___xgDF9"
    data-test-id="cf-ui-card"
  >
    <svg
      aria-label="Loading component..."
      class="SkeletonContainer__SkeletonContainer___23jiu css-eiov7n"
      data-test-id="cf-ui-skeleton-form"
      height="100%"
      preserveAspectRatio="xMidYMid meet"
      role="img"
      width="100%"
    >
      <title>
        Loading component...
      </title>
      <rect
        clip-path="url(#cf-ui-skeleton-clip-6)"
        height="100%"
        style="fill: url(#cf-ui-skeleton-clip-gradient-7);"
        width="100%"
        x="0"
        y="0"
      />
      <defs>
        <clippath
          id="cf-ui-skeleton-clip-6"
        >
          <rect
            data-test-id="cf-ui-skeleton-image"
            height="48"
            rx="0"
            ry="0"
            width="48"
          />
        </clippath>
        <lineargradient
          id="cf-ui-skeleton-clip-gradient-7"
        >
          <stop
            offset="0%"
            stop-color="#e5ebed"
            stop-opacity="1"
          >
            <animate
              attributeName="stop-color"
              dur="2s"
              id="animation-8"
              repeatCount="indefinite"
              values="#e5ebed; #f7f9fa; #e5ebed"
            />
          </stop>
          <stop
            offset="50%"
            stop-color="#f7f9fa"
            stop-opacity="1"
          >
            <animate
              attributeName="stop-color"
              begin="animation-8.begin+0.25s"
              dur="2s"
              repeatCount="indefinite"
              values="#e5ebed; #f7f9fa; #e5ebed"
            />
          </stop>
          <stop
            offset="100%"
            stop-color="#e5ebed"
            stop-opacity="1"
          >
            <animate
              attributeName="stop-color"
              begin="animation-8.begin+0.5s"
              dur="2s"
              repeatCount="indefinite"
              values="#e5ebed; #f7f9fa; #e5ebed"
            />
          </stop>
        </lineargradient>
      </defs>
    </svg>
    <div
      class="css-kx63wx"
    >
      <img
        alt="Mock Category"
        data-test-id="image"
        src=""
        style="display: none;"
      />
    </div>
    <section
      class="css-1phcpb1"
    >
      <div
        class="Typography__Typography___1ZUfE"
        data-test-id="cf-ui-text-container"
      >
        <h1
          class="Heading__Heading___83D3K css-1xd3m0r f36-margin-bottom--m"
          data-test-id="cf-ui-heading"
        >
          Mock Category
        </h1>
        <h2
          class="Subheading__Subheading___2mA9j css-ksy8vh f36-margin-bottom--m"
          data-test-id="cf-ui-subheading"
        >
          abc1234
        </h2>
      </div>
    </section>
    <div
      class="css-mfolfb"
    >
      <button
        class="IconButton__IconButton___1_XeU a11y__focus-outline--default___2hwb1 IconButton__IconButton--muted___22_IZ"
        data-test-id="cf-ui-icon-button"
        type="button"
      >
        <span
          class="TabFocusTrap__TabFocusTrap___39Vty IconButton__IconButton__inner___3fnmT"
          tabindex="-1"
        >
          <svg
            class="Icon__Icon___38Epv Icon__Icon--small___1yGZK Icon__Icon--primary___3M4Il IconButton__IconButton__icon___3yZQN"
            data-test-id="cf-ui-icon"
            height="1em"
            viewBox="0 0 24 24"
            width="1em"
          >
            <path
              d="M18.7071 6.70711C19.0976 6.31658 19.0976 5.68342 18.7071 5.29289C18.3166 4.90237 17.6834 4.90237 17.2929 5.29289L12 10.5858L6.70711 5.29289C6.31658 4.90237 5.68342 4.90237 5.29289 5.29289C4.90237 5.68342 4.90237 6.31658 5.29289 6.70711L10.5858 12L5.29289 17.2929C4.90237 17.6834 4.90237 18.3166 5.29289 18.7071C5.68342 19.0976 6.31658 19.0976 6.70711 18.7071L12 13.4142L17.2929 18.7071C17.6834 19.0976 18.3166 19.0976 18.7071 18.7071C19.0976 18.3166 19.0976 17.6834 18.7071 17.2929L13.4142 12L18.7071 6.70711Z"
            />
          </svg>
          <span
            class="IconButton__IconButton__label___1kp5y helpers__sr-only___3Kv3z"
          >
            Delete
          </span>
        </span>
      </button>
    </div>
  </div>
</div>
`;

exports[`SortableListItem should render successfully the sortable variation 1`] = `
<div>
  <div
    class="Card__Card___1_26G css-pivbrd Card__Card--padding-default___xgDF9"
    data-test-id="cf-ui-card"
  >
    <div
      class="CardDragHandle__CardDragHandle___2rqnO css-x97jm9"
      data-test-id="cf-ui-card-drag-handle"
    >
      <svg
        class="Icon__Icon___38Epv Icon__Icon--small___1yGZK Icon__Icon--muted___3egnD"
        data-test-id="cf-ui-icon"
        height="1em"
        viewBox="0 0 24 24"
        width="1em"
      >
        <path
          d="M0 0h24v24H0V0z"
          fill="none"
        />
        <path
          d="M11 18c0 1.1-.9 2-2 2s-2-.9-2-2 .9-2 2-2 2 .9 2 2zm-2-8c-1.1 0-2 .9-2 2s.9 2 2 2 2-.9 2-2-.9-2-2-2zm0-6c-1.1 0-2 .9-2 2s.9 2 2 2 2-.9 2-2-.9-2-2-2zm6 4c1.1 0 2-.9 2-2s-.9-2-2-2-2 .9-2 2 .9 2 2 2zm0 2c-1.1 0-2 .9-2 2s.9 2 2 2 2-.9 2-2-.9-2-2-2zm0 6c-1.1 0-2 .9-2 2s.9 2 2 2 2-.9 2-2-.9-2-2-2z"
        />
      </svg>
      <span
        class="CardDragHandle__CardDragHandle__sr-label___3CueY helpers__sr-only___3Kv3z"
      >
        Reorder product
      </span>
    </div>
    <div
      class="css-14jukvq"
    >
      <img
        alt="Mock Category"
        data-test-id="image"
        src=""
        style="display: block;"
      />
    </div>
    <section
      class="css-1phcpb1"
    >
      <div
        class="Typography__Typography___1ZUfE"
        data-test-id="cf-ui-text-container"
      >
        <h1
          class="Heading__Heading___83D3K css-1xd3m0r f36-margin-bottom--m"
          data-test-id="cf-ui-heading"
        >
          Mock Category
        </h1>
        <h2
          class="Subheading__Subheading___2mA9j css-ksy8vh f36-margin-bottom--m"
          data-test-id="cf-ui-subheading"
        >
          abc1234
        </h2>
      </div>
    </section>
    <div
      class="css-mfolfb"
    >
      <button
        class="IconButton__IconButton___1_XeU a11y__focus-outline--default___2hwb1 IconButton__IconButton--muted___22_IZ"
        data-test-id="cf-ui-icon-button"
        type="button"
      >
        <span
          class="TabFocusTrap__TabFocusTrap___39Vty IconButton__IconButton__inner___3fnmT"
          tabindex="-1"
        >
          <svg
            class="Icon__Icon___38Epv Icon__Icon--small___1yGZK Icon__Icon--primary___3M4Il IconButton__IconButton__icon___3yZQN"
            data-test-id="cf-ui-icon"
            height="1em"
            viewBox="0 0 24 24"
            width="1em"
          >
            <path
              d="M18.7071 6.70711C19.0976 6.31658 19.0976 5.68342 18.7071 5.29289C18.3166 4.90237 17.6834 4.90237 17.2929 5.29289L12 10.5858L6.70711 5.29289C6.31658 4.90237 5.68342 4.90237 5.29289 5.29289C4.90237 5.68342 4.90237 6.31658 5.29289 6.70711L10.5858 12L5.29289 17.2929C4.90237 17.6834 4.90237 18.3166 5.29289 18.7071C5.68342 19.0976 6.31658 19.0976 6.70711 18.7071L12 13.4142L17.2929 18.7071C17.6834 19.0976 18.3166 19.0976 18.7071 18.7071C19.0976 18.3166 19.0976 17.6834 18.7071 17.2929L13.4142 12L18.7071 6.70711Z"
            />
          </svg>
          <span
            class="IconButton__IconButton__label___1kp5y helpers__sr-only___3Kv3z"
          >
            Delete
          </span>
        </span>
      </button>
    </div>
  </div>
</div>
`;
