// Vitest Snapshot v1, https://vitest.dev/guide/snapshot.html

exports[`App > #render > should render the extension field view 1`] = `
<div>
  <div
    class="css-70qvj9"
  >
    <input
      aria-describedby="focal-point-helptext"
      class="css-82ji86 css-93644d"
      data-test-id="focal-point"
      id="focal-point"
      type="text"
      value="Focal point not set"
      width="large"
    />
    <button
      buttontype="muted"
      class="css-ndrb9n css-dp0f2t"
      data-test-id="cf-ui-button"
      type="button"
    >
      <span
        class="css-40g50j"
      >
        Set focal point
      </span>
    </button>
    <a
      class="css-1wm2dh8"
      data-test-id="cf-ui-text-link"
      linktype="primary"
    >
      <span
        class="css-x1sij0"
      >
        <span>
          Reset focal point
        </span>
      </span>
    </a>
  </div>
</div>
`;
