// Jest Snapshot v1, https://goo.gl/fbAQLP

exports[`ProductSelectionList should render successfully 1`] = `
<div>
  <div
    class="css-k008qs"
  >
    <div
      class="css-1p63m8c"
    >
      <div
        aria-checked="true"
        class="css-12cp130"
        data-test-id="selection-preview-M0E20130820E90Z"
        role="switch"
        tabindex="-1"
      >
        <span
          class="Tooltip__TooltipContainer___3YlPf"
        >
          <div
            class="css-1v0ivop"
          >
            <svg
              class="Icon__Icon___38Epv Icon__Icon--small___1yGZK Icon__Icon--white___3GVPJ"
              data-test-id="cf-ui-icon"
              height="1em"
              viewBox="0 0 24 24"
              width="1em"
            >
              <path
                d="M18.7071 6.70711C19.0976 6.31658 19.0976 5.68342 18.7071 5.29289C18.3166 4.90237 17.6834 4.90237 17.2929 5.29289L12 10.5858L6.70711 5.29289C6.31658 4.90237 5.68342 4.90237 5.29289 5.29289C4.90237 5.68342 4.90237 6.31658 5.29289 6.70711L10.5858 12L5.29289 17.2929C4.90237 17.6834 4.90237 18.3166 5.29289 18.7071C5.68342 19.0976 6.31658 19.0976 6.70711 18.7071L12 13.4142L17.2929 18.7071C17.6834 19.0976 18.3166 19.0976 18.7071 18.7071C19.0976 18.3166 19.0976 17.6834 18.7071 17.2929L13.4142 12L18.7071 6.70711Z"
              />
            </svg>
          </div>
          <img
            alt="product preview"
            class="css-1vgqt6s"
            data-test-id="image"
            src="https://s3-eu-west-1.amazonaws.com/commercetools-example/products/picture-1.jpg"
          />
        </span>
      </div>
    </div>
    <div
      class="css-1p63m8c"
    >
      <div
        aria-checked="true"
        class="css-12cp130"
        data-test-id="selection-preview-A0E2300FX102203"
        role="switch"
        tabindex="-1"
      >
        <span
          class="Tooltip__TooltipContainer___3YlPf"
        >
          <div
            class="css-1v0ivop"
          >
            <svg
              class="Icon__Icon___38Epv Icon__Icon--small___1yGZK Icon__Icon--white___3GVPJ"
              data-test-id="cf-ui-icon"
              height="1em"
              viewBox="0 0 24 24"
              width="1em"
            >
              <path
                d="M18.7071 6.70711C19.0976 6.31658 19.0976 5.68342 18.7071 5.29289C18.3166 4.90237 17.6834 4.90237 17.2929 5.29289L12 10.5858L6.70711 5.29289C6.31658 4.90237 5.68342 4.90237 5.29289 5.29289C4.90237 5.68342 4.90237 6.31658 5.29289 6.70711L10.5858 12L5.29289 17.2929C4.90237 17.6834 4.90237 18.3166 5.29289 18.7071C5.68342 19.0976 6.31658 19.0976 6.70711 18.7071L12 13.4142L17.2929 18.7071C17.6834 19.0976 18.3166 19.0976 18.7071 18.7071C19.0976 18.3166 19.0976 17.6834 18.7071 17.2929L13.4142 12L18.7071 6.70711Z"
              />
            </svg>
          </div>
          <img
            alt="product preview"
            class="css-1vgqt6s"
            data-test-id="image"
            src="https://s3-eu-west-1.amazonaws.com/commercetools-example/products/picture-2.jpg"
          />
        </span>
      </div>
    </div>
    <div
      class="css-1p63m8c"
    >
      <div
        aria-checked="true"
        class="css-12cp130"
        data-test-id="selection-preview-M0E21300900DZN7"
        role="switch"
        tabindex="-1"
      >
        <span
          class="Tooltip__TooltipContainer___3YlPf"
        >
          <div
            class="css-1v0ivop"
          >
            <svg
              class="Icon__Icon___38Epv Icon__Icon--small___1yGZK Icon__Icon--white___3GVPJ"
              data-test-id="cf-ui-icon"
              height="1em"
              viewBox="0 0 24 24"
              width="1em"
            >
              <path
                d="M18.7071 6.70711C19.0976 6.31658 19.0976 5.68342 18.7071 5.29289C18.3166 4.90237 17.6834 4.90237 17.2929 5.29289L12 10.5858L6.70711 5.29289C6.31658 4.90237 5.68342 4.90237 5.29289 5.29289C4.90237 5.68342 4.90237 6.31658 5.29289 6.70711L10.5858 12L5.29289 17.2929C4.90237 17.6834 4.90237 18.3166 5.29289 18.7071C5.68342 19.0976 6.31658 19.0976 6.70711 18.7071L12 13.4142L17.2929 18.7071C17.6834 19.0976 18.3166 19.0976 18.7071 18.7071C19.0976 18.3166 19.0976 17.6834 18.7071 17.2929L13.4142 12L18.7071 6.70711Z"
              />
            </svg>
          </div>
          <img
            alt="product preview"
            class="css-1vgqt6s"
            data-test-id="image"
            src="https://s3-eu-west-1.amazonaws.com/commercetools-example/products/picture-3.jpg"
          />
        </span>
      </div>
    </div>
  </div>
</div>
`;
