// Jest Snapshot v1, https://goo.gl/fbAQLP

exports[`Config Screen component Component text exists 1`] = `
<div>
  <div
    class="css-tpeyg1"
  />
  <div
    class="css-jwwzlh"
  >
    <div
      class="css-1plp4qr"
    >
      <form
        data-test-id="cf-ui-form-label"
      >
        <h1
          class="css-cjax0m"
          data-test-id="cf-ui-heading"
        >
          Editor assignment example
        </h1>
        <ul
          class="css-1xin0wb"
          data-test-id="cf-ui-accordion"
        >
          <li
            class="css-bi3edf"
            data-test-id="cf-ui-accordion-item-id_787"
          >
            <h2
              class="css-9yunkd"
              data-test-id="cf-ui-accordion-header"
            >
              <button
                aria-controls="accordion-panel--id_787"
                aria-expanded="false"
                class="css-xsxndb"
                id="accordion--id_787"
                type="button"
              >
                <svg
                  aria-hidden="true"
                  class="css-1xzxirq"
                  data-test-id="cf-ui-icon"
                  viewBox="0 0 9 18"
                >
                  <path
                    d="M1.1 5.9l3.4 3.4 3.4-3.4 1.1 1-4.5 4.5L0 6.9l1.1-1z"
                  />
                  <path
                    d="M0 0h9v18H0V0z"
                    fill="none"
                  />
                </svg>
                Assign to Content Type Sidebar
              </button>
            </h2>
            <div
              aria-hidden="true"
              aria-labelledby="accordion--id_787"
              class="css-18pon2m"
              data-test-id="cf-ui-accordion-panel"
              role="region"
            >
              <div
                class="css-1kmbcan"
              >
                <div
                  class="css-sjn9mf"
                >
                  <label
                    class="css-1qx9imn"
                    data-test-id="cf-ui-checkbox"
                    for="checkbox_1096"
                  >
                    <input
                      aria-checked="false"
                      class="css-gxjzre"
                      id="checkbox_1096"
                      role="checkbox"
                      type="checkbox"
                      value=""
                    />
                    <span
                      class="css-1wlznqq"
                    >
                      <svg
                        aria-hidden="true"
                        class="css-1xugees"
                        data-test-id="cf-ui-icon"
                        viewBox="0 0 24 24"
                      >
                        <path
                          d="M20.7071 5.29289C21.0976 5.68342 21.0976 6.31658 20.7071 6.70711L9.70711 17.7071C9.51957 17.8946 9.26522 18 9 18C8.73478 18 8.48043 17.8946 8.29289 17.7071L3.29289 12.7071C2.90237 12.3166 2.90237 11.6834 3.29289 11.2929C3.68342 10.9024 4.31658 10.9024 4.70711 11.2929L9 15.5858L19.2929 5.29289C19.6834 4.90237 20.3166 4.90237 20.7071 5.29289Z"
                        />
                      </svg>
                    </span>
                    POST
                  </label>
                </div>
              </div>
            </div>
          </li>
          <li
            class="css-bi3edf"
            data-test-id="cf-ui-accordion-item-id_792"
          >
            <h2
              class="css-9yunkd"
              data-test-id="cf-ui-accordion-header"
            >
              <button
                aria-controls="accordion-panel--id_792"
                aria-expanded="false"
                class="css-xsxndb"
                id="accordion--id_792"
                type="button"
              >
                <svg
                  aria-hidden="true"
                  class="css-1xzxirq"
                  data-test-id="cf-ui-icon"
                  viewBox="0 0 9 18"
                >
                  <path
                    d="M1.1 5.9l3.4 3.4 3.4-3.4 1.1 1-4.5 4.5L0 6.9l1.1-1z"
                  />
                  <path
                    d="M0 0h9v18H0V0z"
                    fill="none"
                  />
                </svg>
                Assign to Content Type Field (Short Text)
              </button>
            </h2>
            <div
              aria-hidden="true"
              aria-labelledby="accordion--id_792"
              class="css-18pon2m"
              data-test-id="cf-ui-accordion-panel"
              role="region"
            >
              <div
                class="css-1kmbcan"
              >
                
                <div
                  class="css-sjn9mf"
                >
                  <label
                    class="css-1qx9imn"
                    data-test-id="cf-ui-checkbox"
                    for="checkbox_9977"
                  >
                    <input
                      aria-checked="false"
                      class="css-gxjzre"
                      id="checkbox_9977"
                      role="checkbox"
                      type="checkbox"
                      value=""
                    />
                    <span
                      class="css-1wlznqq"
                    >
                      <svg
                        aria-hidden="true"
                        class="css-1xugees"
                        data-test-id="cf-ui-icon"
                        viewBox="0 0 24 24"
                      >
                        <path
                          d="M20.7071 5.29289C21.0976 5.68342 21.0976 6.31658 20.7071 6.70711L9.70711 17.7071C9.51957 17.8946 9.26522 18 9 18C8.73478 18 8.48043 17.8946 8.29289 17.7071L3.29289 12.7071C2.90237 12.3166 2.90237 11.6834 3.29289 11.2929C3.68342 10.9024 4.31658 10.9024 4.70711 11.2929L9 15.5858L19.2929 5.29289C19.6834 4.90237 20.3166 4.90237 20.7071 5.29289Z"
                        />
                      </svg>
                    </span>
                    POST
                  </label>
                </div>
              </div>
            </div>
          </li>
        </ul>
      </form>
    </div>
  </div>
</div>
`;
