// Jest Snapshot v1, https://goo.gl/fbAQLP

exports[`Gatsby App Sidebar should match snapshot 1`] = `
<div>
  <div
    class="extension"
  >
    <div
      class="flexcontainer"
    >
      <div>
        <button
          class="preview-button css-w7g5y4"
          type="button"
        >
          Open Preview
        </button>
        <div
          class="powered-by css-1r59ijf"
        >
          <p
            class="css-1kyb6cu"
          >
            Powered by:
          </p>
          <svg
            fill="none"
            height="40"
            viewBox="0 0 24 24"
            width="40"
            xmlns="http://www.w3.org/2000/svg"
          >
            <path
              d="M21.4286 12H15.4286V13.7143H19.5429C18.9429 16.2857 17.0572 18.4286 14.5715 19.2857L4.71433 9.42855C5.7429 6.42855 8.65719 4.2857 12 4.2857C14.5715 4.2857 16.8858 5.57141 18.3429 7.54284L19.6286 6.42855C17.9143 4.11427 15.1715 2.57141 12 2.57141C7.5429 2.57141 3.77147 5.74284 2.82861 9.94284L14.1429 21.2571C18.2572 20.2286 21.4286 16.4571 21.4286 12Z"
              fill="white"
            />
            <path
              d="M2.57153 12.0857C2.57153 14.4857 3.51439 16.8 5.31439 18.6C7.11439 20.4 9.51439 21.3428 11.8287 21.3428L2.57153 12.0857Z"
              fill="white"
            />
            <path
              clip-rule="evenodd"
              d="M12 0C5.4 0 0 5.4 0 12C0 18.6 5.4 24 12 24C18.6 24 24 18.6 24 12C24 5.4 18.6 0 12 0ZM5.31429 18.6857C3.51429 16.8857 2.57143 14.4857 2.57143 12.1714L11.9143 21.4286C9.51429 21.3429 7.11429 20.4857 5.31429 18.6857ZM2.82857 9.94286L14.0571 21.1714C18.2571 20.2286 21.4286 16.4571 21.4286 12H15.4286V13.7143H19.5429C18.9429 16.2857 17.0571 18.4286 14.5714 19.2857L4.71429 9.42857C5.82857 6.42857 8.65714 4.28571 12 4.28571C14.5714 4.28571 16.8857 5.57143 18.3429 7.54286L19.6286 6.42857C17.9143 4.11429 15.1714 2.57143 12 2.57143C7.54286 2.57143 3.77143 5.74286 2.82857 9.94286Z"
              fill="#663399"
              fill-rule="evenodd"
            />
          </svg>
        </div>
      </div>
      <p
        class="HelpText__HelpText___uWbja"
        data-test-id="cf-ui-help-text"
        style="text-align: center; color: rgb(127, 124, 130);"
      />
    </div>
  </div>
</div>
`;
